// Jest Snapshot v1, https://goo.gl/fbAQLP

exports[`should test expense dashboard page 1`] = `
<div>
  DashBoard pag content
</div>
`;
